\BOOKMARK [0][-]{chapter.1}{\376\377\000M\036\344\000C\000\040\000T\000I\000\312\000U}{}% 1
\BOOKMARK [1][-]{section.1.1}{\376\377\000G\000i\036\333\000i\000\040\000t\000h\000i\036\307\000u\000\040\001\021\036\301\000\040\000t\000\340\000i}{chapter.1}% 2
\BOOKMARK [1][-]{section.1.2}{\376\377\000M\036\345\000c\000\040\000t\000i\000\352\000u\000\040\001\021\036\301\000\040\000t\000\340\000i}{chapter.1}% 3
\BOOKMARK [1][-]{section.1.3}{\376\377\000C\000\364\000n\000g\000\040\000c\036\345\000\040\000v\000\340\000\040\000m\000\364\000i\000\040\000t\000r\001\260\036\335\000n\000g\000\040\000t\000h\036\361\000c\000\040\000h\000i\036\307\000n}{chapter.1}% 4
\BOOKMARK [0][-]{chapter.2}{\376\377\000C\001\240\000\040\000S\036\336\000\040\000L\000\335\000\040\000T\000H\000U\000Y\036\276\000T}{}% 5
\BOOKMARK [1][-]{section.2.1}{\376\377\000Q\000u\000y\000\040\001\260\036\333\000c\000\040\000k\000\375\000\040\000h\000i\036\307\000u}{chapter.2}% 6
\BOOKMARK [1][-]{section.2.2}{\376\377\000M\036\241\000n\000g\000\040\000P\000e\000r\000c\000e\000p\000t\000r\000o\000n\000\040\000m\036\331\000t\000\040\000l\036\333\000p\000\040\000v\000\340\000\040\000G\000i\036\333\000i\000\040\000h\036\241\000n\000\040\000p\000h\000\342\000n\000\040\000t\000\341\000c\000h\000\040\000t\000u\000y\036\277\000n\000\040\000t\000\355\000n\000h}{chapter.2}% 7
\BOOKMARK [2][-]{subsection.2.2.1}{\376\377\000K\000i\036\277\000n\000\040\000t\000r\000\372\000c\000\040\000P\000e\000r\000c\000e\000p\000t\000r\000o\000n}{section.2.2}% 8
\BOOKMARK [2][-]{subsection.2.2.2}{\376\377\000G\000i\036\333\000i\000\040\000h\036\241\000n\000\040\000p\000h\000\342\000n\000\040\000t\000\341\000c\000h\000\040\000t\000u\000y\036\277\000n\000\040\000t\000\355\000n\000h\000\040\000\050\000B\000\340\000i\000\040\000t\000o\000\341\000n\000\040\000X\000O\000R\000\051}{section.2.2}% 9
\BOOKMARK [1][-]{section.2.3}{\376\377\000C\000\341\000c\000\040\000h\000\340\000m\000\040\000k\000\355\000c\000h\000\040\000h\000o\036\241\000t\000\040\000\050\000A\000c\000t\000i\000v\000a\000t\000i\000o\000n\000\040\000F\000u\000n\000c\000t\000i\000o\000n\000\051}{chapter.2}% 10
\BOOKMARK [2][-]{subsection.2.3.1}{\376\377\000H\000\340\000m\000\040\000S\000i\000g\000m\000o\000i\000d}{section.2.3}% 11
\BOOKMARK [2][-]{subsection.2.3.2}{\376\377\000H\000\340\000m\000\040\000R\000e\000L\000U}{section.2.3}% 12
\BOOKMARK [2][-]{subsection.2.3.3}{\376\377\000H\000\340\000m\000\040\000S\000o\000f\000t\000m\000a\000x}{section.2.3}% 13
\BOOKMARK [1][-]{section.2.4}{\376\377\000L\000a\000n\000\040\000t\000r\000u\000y\036\301\000n\000\040\000t\000h\000u\036\255\000n\000\040\000\050\000F\000o\000r\000w\000a\000r\000d\000\040\000P\000r\000o\000p\000a\000g\000a\000t\000i\000o\000n\000\051}{chapter.2}% 14
\BOOKMARK [1][-]{section.2.5}{\376\377\000H\000\340\000m\000\040\000m\036\245\000t\000\040\000m\000\341\000t\000\040\000\050\000L\000o\000s\000s\000\040\000F\000u\000n\000c\000t\000i\000o\000n\000\051}{chapter.2}% 15
\BOOKMARK [1][-]{section.2.6}{\376\377\000L\000a\000n\000\040\000t\000r\000u\000y\036\301\000n\000\040\000n\000g\001\260\036\343\000c\000\040\000\050\000B\000a\000c\000k\000p\000r\000o\000p\000a\000g\000a\000t\000i\000o\000n\000\051}{chapter.2}% 16
\BOOKMARK [1][-]{section.2.7}{\376\377\000C\000\341\000c\000\040\000t\000h\000u\036\255\000t\000\040\000t\000o\000\341\000n\000\040\000t\036\321\000i\000\040\001\260\000u\000\040\000\050\000O\000p\000t\000i\000m\000i\000z\000a\000t\000i\000o\000n\000\040\000A\000l\000g\000o\000r\000i\000t\000h\000m\000s\000\051}{chapter.2}% 17
\BOOKMARK [1][-]{section.2.8}{\376\377\000R\000e\000g\000u\000l\000a\000r\000i\000z\000a\000t\000i\000o\000n\000\040\000L\0002}{chapter.2}% 18
\BOOKMARK [0][-]{chapter.3}{\376\377\000Y\000\312\000U\000\040\000C\036\246\000U\000\040\000C\000\300\000I\000\040\001\020\036\266\000T\000\040\000C\001\240\000\040\000B\036\242\000N}{}% 19
\BOOKMARK [1][-]{section.3.1}{\376\377\000C\000\340\000i\000\040\001\021\036\267\000t\000\040\000P\000e\000r\000c\000e\000p\000t\000r\000o\000n\000\040\001\021\001\241\000n\000\040\000g\000i\036\243\000n\000\040\000v\000\340\000\040\000b\000\340\000i\000\040\000t\000o\000\341\000n\000\040\000X\000O\000R}{chapter.3}% 20
\BOOKMARK [1][-]{section.3.2}{\376\377\001\020\000\341\000n\000h\000\040\000g\000i\000\341\000\040\000k\036\277\000t\000\040\000q\000u\036\243\000\040\000c\000\340\000i\000\040\001\021\036\267\000t\000\040\000t\000h\000u\036\255\000t\000\040\000t\000o\000\341\000n\000\040\000M\000L\000P}{chapter.3}% 21
\BOOKMARK [1][-]{section.3.3}{\376\377\001\020\000\341\000n\000h\000\040\000g\000i\000\341\000\040\000t\000r\000\352\000n\000\040\000b\000\340\000i\000\040\000t\000o\000\341\000n\000\040\000X\000O\000R}{chapter.3}% 22
\BOOKMARK [1][-]{section.3.4}{\376\377\001\020\000\341\000n\000h\000\040\000g\000i\000\341\000\040\000t\000r\000\352\000n\000\040\000t\036\255\000p\000\040\000d\036\357\000\040\000l\000i\036\307\000u\000\040\000I\000r\000i\000s}{chapter.3}% 23
\BOOKMARK [0][-]{chapter.4}{\376\377\000Y\000\312\000U\000\040\000C\036\246\000U\000\040\000M\036\336\000\040\000R\036\330\000N\000G}{}% 24
\BOOKMARK [1][-]{section.4.1}{\376\377\001\020\000\341\000n\000h\000\040\000g\000i\000\341\000\040\000h\000i\036\307\000u\000\040\000q\000u\036\243\000\040\000c\036\347\000a\000\040\000t\000h\000u\036\255\000t\000\040\000t\000o\000\341\000n\000\040\000t\036\321\000i\000\040\001\260\000u\000\040\000S\000G\000D\000\040\000v\036\333\000i\000\040\000M\000o\000m\000e\000n\000t\000u\000m}{chapter.4}% 25
\BOOKMARK [1][-]{section.4.2}{\376\377\036\242\000n\000h\000\040\000h\001\260\036\337\000n\000g\000\040\000c\036\347\000a\000\040\000s\036\321\000\040\000l\001\260\036\343\000n\000g\000\040\000l\036\333\000p\000\040\036\251\000n\000\040\000\050\000H\000i\000d\000d\000e\000n\000\040\000L\000a\000y\000e\000r\000s\000\051}{chapter.4}% 26
\BOOKMARK [1][-]{section.4.3}{\376\377\001\020\000\341\000n\000h\000\040\000g\000i\000\341\000\040\000h\000i\036\307\000u\000\040\000q\000u\036\243\000\040\000c\036\347\000a\000\040\000L\0002\000\040\000R\000e\000g\000u\000l\000a\000r\000i\000z\000a\000t\000i\000o\000n}{chapter.4}% 27
\BOOKMARK [0][-]{chapter.5}{\376\377\000D\036\356\000\040\000L\000I\036\306\000U\000\040\000V\000\300\000\040\000M\000\324\000I\000\040\000T\000R\001\257\036\334\000N\000G\000\040\000X\036\354\000\040\000L\000\335}{}% 28
\BOOKMARK [1][-]{section.5.1}{\376\377\000T\036\255\000p\000\040\000d\036\357\000\040\000l\000i\036\307\000u}{chapter.5}% 29
\BOOKMARK [1][-]{section.5.2}{\376\377\000M\000\364\000i\000\040\000t\000r\001\260\036\335\000n\000g\000\040\000v\000\340\000\040\000t\000h\001\260\000\040\000v\000i\036\307\000n}{chapter.5}% 30
